// Jest Snapshot v1, https://goo.gl/fbAQLP

exports[`Pruebas en <Home/> Debe mostrar <Home/> correctamente 1`] = `
<HomeLayout>
  <Categories />
</HomeLayout>
`;
