// Jest Snapshot v1, https://goo.gl/fbAQLP

exports[`Pruebas en <ProductCard/> Debe mostrar <ProductCard/> correctamente 1`] = `
<div
  className="product__item"
  key="No Activity"
  onMouseEnter={[Function]}
  onMouseLeave={[Function]}
>
  <div
    className="product__title undefined"
  >
    No Activity
  </div>
  <div
    className="product__summary undefined"
  >
    <h1
      className="product__summary_title"
    >
      No Activity
    </h1>
    <h2
      className="product__summary_subtitle"
    >
      2015
    </h2>
    <p
      className="product__summary_description"
    >
      Lorem ipsum dolor sit amet, consectetur adipiscing elit, sed do eiusmod tempor incididunt ut labore 
    </p>
  </div>
  <img
    alt="poster No Activity"
    className="product__img"
    src="https://streamcoimg-a.akamaihd.net/000/106/36/10636-PosterArt-9add943c5e62c2d89f6d31458d33508a.jpg"
  />
</div>
`;
